{
  "chapters": 17,
  "mathExpressions": 1104,
  "displayExpressions": 193,
  "publishedEquationTags": [
    "2.1",
    "2.2",
    "3.1",
    "3.2",
    "3.3",
    "3.4",
    "4.1",
    "4.2",
    "5.1",
    "5.2",
    "5.3",
    "5.4",
    "5.5",
    "6.1",
    "6.2",
    "6.3",
    "6.4",
    "6.5",
    "6.6",
    "6.7",
    "6.8",
    "6.9",
    "6.10",
    "6.11",
    "6.12",
    "6.13",
    "6.14",
    "7.1",
    "7.2",
    "7.3",
    "7.4",
    "7.5",
    "7.6",
    "A.1",
    "A.2",
    "A.3",
    "A.4",
    "A.5",
    "A.6",
    "B.1",
    "B.2",
    "B.3",
    "B.4"
  ]
}
