{
  "checks": 29,
  "passed": 29,
  "failures": [],
  "screenshots": [
    "evidence/screenshots/overview-desktop.png",
    "evidence/screenshots/monograph-contents-desktop.png",
    "evidence/screenshots/guide-ai-desktop.png",
    "evidence/screenshots/chapter-19-mathematics-desktop.png",
    "evidence/screenshots/appendix-d-desktop.png",
    "evidence/screenshots/overview-mobile.png",
    "evidence/screenshots/guide-ai-mobile.png",
    "evidence/screenshots/chapter-19-mobile.png",
    "evidence/screenshots/appendix-d-mobile.png",
    "evidence/screenshots/appendix-d-math-mobile.png",
    "evidence/screenshots/appendix-f-table-mobile.png",
    "evidence/screenshots/no-javascript-mobile-navigation.png"
  ],
  "consoleErrors": []
}
